// Jest Snapshot v1, https://goo.gl/fbAQLP

exports[`matches snapshot 1`] = `
<DocumentFragment>
  <div
    class="App"
  >
    <form
      class="NewTodoForm-form"
    >
      <label
        for="task"
      >
        New Todo 
      </label>
      <input
        class="NewTodoForm-input"
        id="task"
        name="task"
        placeholder="More things to do"
        type="text"
        value=""
      />
      <button
        class="NewTodoForm-btn"
      >
        Add new task
      </button>
    </form>
    <h3>
      What to do List
    </h3>
    <div
      class="NewTodoForm-ul-div"
    >
      <ul
        class="NewTodoForm-ul"
      >
        <div
          class="Todo"
          data-testid="Todo-test"
          id="1778c1a1-7cf1-4b8a-99e6-344ba18603d3"
        >
          <li
            class="Todo-li"
          >
            Clean fish tank
            <button
              class="Todo-btn"
            >
              x
            </button>
          </li>
        </div>
      </ul>
    </div>
  </div>
</DocumentFragment>
`;
