// Jest Snapshot v1, https://goo.gl/fbAQLP

exports[`matches snapshot 1`] = `
<DocumentFragment>
  <div
    class="Todo"
    data-testid="Todo-test"
  >
    <li
      class="Todo-li"
    >
      <button
        class="Todo-btn"
      >
        x
      </button>
    </li>
  </div>
</DocumentFragment>
`;
